scripts/kconfig/conf  --syncconfig Kconfig
  UPD     include/config.h
  CFG     u-boot.cfg
  GEN     include/autoconf.mk.dep
  CFG     spl/u-boot.cfg
cc1: warning: unknown register name: x18
cc1: warning: unknown register name: x18
cc1: warning: unknown register name: x18
  GEN     include/autoconf.mk
  GEN     spl/include/autoconf.mk
  UPD     include/generated/dt.h
  ENVC    include/generated/env.txt
  UPD     include/generated/timestamp_autogenerated.h
  ENVP    include/generated/env.in
  HOSTCC  scripts/dtc/dtc.o
  ENVT    include/generated/environment.h
  HOSTCC  scripts/dtc/flattree.o
  HOSTCC  scripts/dtc/fstree.o
  HOSTCC  scripts/dtc/data.o
  HOSTCC  scripts/dtc/livetree.o
  HOSTCC  scripts/dtc/treesource.o
  HOSTCC  scripts/dtc/srcpos.o
  HOSTCC  scripts/dtc/checks.o
  COPY    scripts/dtc/pylibfdt/libfdt.i
  HOSTCC  scripts/dtc/util.o
  LEX     scripts/dtc/dtc-lexer.lex.c
  YACC    scripts/dtc/dtc-parser.tab.[ch]
  PYMOD   rebuild
  HOSTCC  scripts/dtc/libfdt/fdt.o
  HOSTCC  scripts/dtc/libfdt/fdt_ro.o
  HOSTCC  scripts/dtc/libfdt/fdt_wip.o
  HOSTCC  scripts/dtc/libfdt/fdt_sw.o
  HOSTCC  scripts/dtc/libfdt/fdt_rw.o
  HOSTCC  scripts/dtc/libfdt/fdt_strerror.o
  HOSTCC  scripts/dtc/libfdt/fdt_empty_tree.o
  HOSTCC  scripts/dtc/libfdt/fdt_addresses.o
  HOSTCC  scripts/dtc/libfdt/fdt_overlay.o
  HOSTCC  scripts/dtc/fdtoverlay.o
  HOSTCC  scripts/dtc/dtc-lexer.lex.o
  HOSTCC  scripts/dtc/dtc-parser.tab.o
  UPD     include/config/uboot.release
  UPD     include/generated/version_autogenerated.h
  HOSTLD  scripts/dtc/fdtoverlay
  HOSTLD  scripts/dtc/dtc
error: command 'swig' failed: No such file or directory
make[2]: *** [scripts/dtc/pylibfdt/Makefile:33: rebuild] Error 1
make[1]: *** [scripts/Makefile.build:497: scripts/dtc/pylibfdt] Error 2
make: *** [Makefile:2403: scripts_dtc] Error 2
