  UPD     include/generated/timestamp_autogenerated.h
  PYMOD   rebuild
  LDS     u-boot.lds
  CC      common/version.o
  AR      common/built-in.a
  LD      u-boot
  OBJCOPY u-boot.srec
  OBJCOPY u-boot-nodtb.bin
  SYM     u-boot.sym
  CAT     u-boot-dtb.bin
  MKIMAGE u-boot.img
  MKIMAGE u-boot-dtb.img
  COPY    u-boot.bin
  CC      spl/common/spl/spl.o
  AR      spl/common/spl/built-in.a
  LD      spl/u-boot-spl
  OBJCOPY spl/u-boot-spl-nodtb.bin
  SYM     spl/u-boot-spl.sym
  CAT     spl/u-boot-spl-dtb.bin
  COPY    spl/u-boot-spl.bin
  BINMAN  .binman_stamp
  OFCHK   .config
